#
# There is insufficient memory for the Java Runtime Environment to continue.
# Native memory allocation (mmap) failed to map 134217728 bytes. Error detail: G1 virtual space
# Possible reasons:
#   The system is out of physical RAM or swap space
#   This process is running with CompressedOops enabled, and the Java Heap may be blocking the growth of the native heap
# Possible solutions:
#   Reduce memory load on the system
#   Increase physical memory or swap space
#   Check if swap backing store is full
#   Decrease Java heap size (-Xmx/-Xms)
#   Decrease number of Java threads
#   Decrease Java thread stack sizes (-Xss)
#   Set larger code cache with -XX:ReservedCodeCacheSize=
#   JVM is running with Unscaled Compressed Oops mode in which the Java heap is
#     placed in the first 4GB address space. The Java Heap base address is the
#     maximum limit for the native heap growth. Please use -XX:HeapBaseMinAddress
#     to set the Java Heap base and to place the Java Heap above 4GB virtual address.
# This output file may be truncated or incomplete.
#
#  Out of Memory Error (os_windows.cpp:3815), pid=16844, tid=17880
#
# JRE version:  (21.0.3+13) (build )
# Java VM: OpenJDK 64-Bit Server VM (21.0.3+13-b509.15, mixed mode, sharing, tiered, compressed oops, compressed class ptrs, g1 gc, windows-amd64)
# No core dump will be written. Minidumps are not enabled by default on client versions of Windows
#

---------------  S U M M A R Y ------------

Command Line: -Djava.rmi.server.hostname=127.0.0.1 -Duser.timezone=UTC -Xmx2048m -Xms128m -Djdbc.classpath=C:\Users\Asus\AppData\Local\Temp\RemoteDriver2.classpath.txt --add-exports=java.desktop/sun.awt=ALL-UNNAMED --add-exports=java.desktop/java.awt.peer=ALL-UNNAMED --add-opens=java.desktop/java.awt=ALL-UNNAMED --add-opens=jdk.unsupported/sun.misc=ALL-UNNAMED --add-opens=java.base/java.nio=ALL-UNNAMED --add-opens=java.base/java.util=ALL-UNNAMED -Dfile.encoding=UTF-8 -Dsun.stdout.encoding=UTF-8 -Dsun.stderr.encoding=UTF-8 com.intellij.database.remote.RemoteJdbcServer com.mysql.cj.jdbc.Driver

Host: AMD Ryzen 5 5500U with Radeon Graphics         , 12 cores, 7G,  Windows 10 , 64 bit Build 19041 (10.0.19041.5915)
Time: Sat Sep  6 17:27:39 2025 Sri Lanka Standard Time elapsed time: 0.033164 seconds (0d 0h 0m 0s)

---------------  T H R E A D  ---------------

Current thread (0x000001c52d51d630):  JavaThread "Unknown thread" [_thread_in_vm, id=17880, stack(0x0000008cc7100000,0x0000008cc7200000) (1024K)]

Stack: [0x0000008cc7100000,0x0000008cc7200000]
Native frames: (J=compiled Java code, j=interpreted, Vv=VM code, C=native code)
V  [jvm.dll+0x6e02f9]
V  [jvm.dll+0x8bd383]
V  [jvm.dll+0x8bf8de]
V  [jvm.dll+0x8bffc3]
V  [jvm.dll+0x2879c6]
V  [jvm.dll+0x6dcac5]
V  [jvm.dll+0x6d0f9a]
V  [jvm.dll+0x35f9bb]
V  [jvm.dll+0x367566]
V  [jvm.dll+0x3b8b56]
V  [jvm.dll+0x3b8e28]
V  [jvm.dll+0x33217c]
V  [jvm.dll+0x332e6b]
V  [jvm.dll+0x8845e9]
V  [jvm.dll+0x3c5f38]
V  [jvm.dll+0x86d80d]
V  [jvm.dll+0x45ab9e]
V  [jvm.dll+0x45c771]
C  [jli.dll+0x52ab]
C  [ucrtbase.dll+0x21bb2]
C  [KERNEL32.DLL+0x17374]
C  [ntdll.dll+0x4cc91]


---------------  P R O C E S S  ---------------

Threads class SMR info:
_java_thread_list=0x00007ffa8001d108, length=0, elements={
}

Java Threads: ( => current thread )
Total: 0

Other Threads:
  0x000001c52d573fe0 WorkerThread "GC Thread#0"                     [id=9864, stack(0x0000008cc7200000,0x0000008cc7300000) (1024K)]
  0x000001c52d586090 ConcurrentGCThread "G1 Main Marker"            [id=17132, stack(0x0000008cc7300000,0x0000008cc7400000) (1024K)]
  0x000001c52d586aa0 WorkerThread "G1 Conc#0"                       [id=14120, stack(0x0000008cc7400000,0x0000008cc7500000) (1024K)]

[error occurred during error reporting (printing all threads), id 0xc0000005, EXCEPTION_ACCESS_VIOLATION (0xc0000005) at pc=0x00007ffa7f7152d7]
VM state: not at safepoint (not fully initialized)

VM Mutex/Monitor currently owned by a thread:  ([mutex/lock_event])
[0x00007ffa80091858] Heap_lock - owner thread: 0x000001c52d51d630

Heap address: 0x0000000080000000, size: 2048 MB, Compressed Oops mode: 32-bit

CDS archive(s) mapped at: [0x0000000000000000-0x0000000000000000-0x0000000000000000), size 0, SharedBaseAddress: 0x0000000800000000, ArchiveRelocationMode: 1.
Narrow klass base: 0x0000000000000000, Narrow klass shift: 0, Narrow klass range: 0x0

GC Precious Log:
 CardTable entry size: 512
 Card Set container configuration: InlinePtr #cards 5 size 8 Array Of Cards #cards 12 size 40 Howl #buckets 4 coarsen threshold 1843 Howl Bitmap #cards 512 size 80 coarsen threshold 460 Card regions per heap region 1 cards per card region 2048

Heap:
 garbage-first heap   total 0K, used 0K [0x0000000080000000, 0x0000000100000000)
  region size 1024K, 0 young (0K), 0 survivors (0K)
 Metaspace       used 0K, committed 0K, reserved 0K
  class space    used 0K, committed 0K, reserved 0K

Heap Regions: E=young(eden), S=young(survivor), O=old, HS=humongous(starts), HC=humongous(continues), CS=collection set, F=free, TAMS=top-at-mark-start, PB=parsable bottom

Card table byte_map: [0x000001c540d90000,0x000001c541190000] _byte_map_base: 0x000001c540990000

Marking Bits: (CMBitMap*) 0x000001c52d5745f0
 Bits: [0x000001c541190000, 0x000001c543190000)

GC Heap History (0 events):
No events

Dll operation events (1 events):
Event: 0.009 Loaded shared library C:\Program Files\JetBrains\IntelliJ IDEA 2024.2.2\jbr\bin\java.dll

Deoptimization events (0 events):
No events

Classes loaded (0 events):
No events

Classes unloaded (0 events):
No events

Classes redefined (0 events):
No events

Internal exceptions (0 events):
No events

ZGC Phase Switch (0 events):
No events

VM Operations (0 events):
No events

Events (0 events):
No events


Dynamic libraries:
0x00007ff63f780000 - 0x00007ff63f78a000 	C:\Program Files\JetBrains\IntelliJ IDEA 2024.2.2\jbr\bin\java.exe
0x00007ffabc770000 - 0x00007ffabc968000 	C:\Windows\SYSTEM32\ntdll.dll
0x00007ffabc090000 - 0x00007ffabc152000 	C:\Windows\System32\KERNEL32.DLL
0x00007ffab9f50000 - 0x00007ffaba247000 	C:\Windows\System32\KERNELBASE.dll
0x00007ffaba280000 - 0x00007ffaba380000 	C:\Windows\System32\ucrtbase.dll
0x00007ffab6770000 - 0x00007ffab678b000 	C:\Program Files\JetBrains\IntelliJ IDEA 2024.2.2\jbr\bin\VCRUNTIME140.dll
0x00007ffaaf410000 - 0x00007ffaaf428000 	C:\Program Files\JetBrains\IntelliJ IDEA 2024.2.2\jbr\bin\jli.dll
0x00007ffababa0000 - 0x00007ffabad3d000 	C:\Windows\System32\USER32.dll
0x00007ffaba250000 - 0x00007ffaba272000 	C:\Windows\System32\win32u.dll
0x00007ffaa5700000 - 0x00007ffaa599a000 	C:\Windows\WinSxS\amd64_microsoft.windows.common-controls_6595b64144ccf1df_6.0.19041.5915_none_60b4b9d171f9c7c7\COMCTL32.dll
0x00007ffabc160000 - 0x00007ffabc18b000 	C:\Windows\System32\GDI32.dll
0x00007ffabbb50000 - 0x00007ffabbbee000 	C:\Windows\System32\msvcrt.dll
0x00007ffaba380000 - 0x00007ffaba499000 	C:\Windows\System32\gdi32full.dll
0x00007ffaba6c0000 - 0x00007ffaba75d000 	C:\Windows\System32\msvcp_win.dll
0x00007ffabad50000 - 0x00007ffabad7f000 	C:\Windows\System32\IMM32.DLL
0x00007ffab6680000 - 0x00007ffab668c000 	C:\Program Files\JetBrains\IntelliJ IDEA 2024.2.2\jbr\bin\vcruntime140_1.dll
0x00007ffa8f2f0000 - 0x00007ffa8f37d000 	C:\Program Files\JetBrains\IntelliJ IDEA 2024.2.2\jbr\bin\msvcp140.dll
0x00007ffa7f3d0000 - 0x00007ffa80182000 	C:\Program Files\JetBrains\IntelliJ IDEA 2024.2.2\jbr\bin\server\jvm.dll
0x00007ffaba8e0000 - 0x00007ffaba991000 	C:\Windows\System32\ADVAPI32.dll
0x00007ffabad80000 - 0x00007ffabae1f000 	C:\Windows\System32\sechost.dll
0x00007ffabb0f0000 - 0x00007ffabb216000 	C:\Windows\System32\RPCRT4.dll
0x00007ffaba690000 - 0x00007ffaba6b7000 	C:\Windows\System32\bcrypt.dll
0x00007ffabb370000 - 0x00007ffabb3db000 	C:\Windows\System32\WS2_32.dll
0x00007ffaaf540000 - 0x00007ffaaf567000 	C:\Windows\SYSTEM32\WINMM.dll
0x00007ffab1200000 - 0x00007ffab120a000 	C:\Windows\SYSTEM32\VERSION.dll
0x00007ffab9360000 - 0x00007ffab93ab000 	C:\Windows\SYSTEM32\POWRPROF.dll
0x00007ffab91d0000 - 0x00007ffab91e2000 	C:\Windows\SYSTEM32\UMPDC.dll
0x00007ffab85f0000 - 0x00007ffab8602000 	C:\Windows\SYSTEM32\kernel.appcore.dll
0x00007ffab6520000 - 0x00007ffab652a000 	C:\Program Files\JetBrains\IntelliJ IDEA 2024.2.2\jbr\bin\jimage.dll
0x00007ffab7a00000 - 0x00007ffab7c01000 	C:\Windows\SYSTEM32\DBGHELP.DLL
0x00007ffaa3fa0000 - 0x00007ffaa3fd4000 	C:\Windows\SYSTEM32\dbgcore.DLL
0x00007ffaba4a0000 - 0x00007ffaba522000 	C:\Windows\System32\bcryptPrimitives.dll
0x00007ffab6340000 - 0x00007ffab635f000 	C:\Program Files\JetBrains\IntelliJ IDEA 2024.2.2\jbr\bin\java.dll

dbghelp: loaded successfully - version: 4.0.5 - missing functions: none
symbol engine: initialized successfully - sym options: 0x614 - pdb path: .;C:\Program Files\JetBrains\IntelliJ IDEA 2024.2.2\jbr\bin;C:\Windows\SYSTEM32;C:\Windows\WinSxS\amd64_microsoft.windows.common-controls_6595b64144ccf1df_6.0.19041.5915_none_60b4b9d171f9c7c7;C:\Program Files\JetBrains\IntelliJ IDEA 2024.2.2\jbr\bin\server

VM Arguments:
jvm_args: -Djava.rmi.server.hostname=127.0.0.1 -Duser.timezone=UTC -Xmx2048m -Xms128m -Djdbc.classpath=C:\Users\Asus\AppData\Local\Temp\RemoteDriver2.classpath.txt --add-exports=java.desktop/sun.awt=ALL-UNNAMED --add-exports=java.desktop/java.awt.peer=ALL-UNNAMED --add-opens=java.desktop/java.awt=ALL-UNNAMED --add-opens=jdk.unsupported/sun.misc=ALL-UNNAMED --add-opens=java.base/java.nio=ALL-UNNAMED --add-opens=java.base/java.util=ALL-UNNAMED -Dfile.encoding=UTF-8 -Dsun.stdout.encoding=UTF-8 -Dsun.stderr.encoding=UTF-8 
java_command: com.intellij.database.remote.RemoteJdbcServer com.mysql.cj.jdbc.Driver
java_class_path (initial): C:\Program Files\JetBrains\IntelliJ IDEA 2024.2.2\lib\util_rt.jar;C:\Program Files\JetBrains\IntelliJ IDEA 2024.2.2\lib\util-8.jar;C:\Program Files\JetBrains\IntelliJ IDEA 2024.2.2\lib\groovy.jar;C:\Program Files\JetBrains\IntelliJ IDEA 2024.2.2\plugins\DatabaseTools\lib\jdbc-console.jar;C:\Program Files\JetBrains\IntelliJ IDEA 2024.2.2\plugins\grid-core-impl\lib\jdbc-console-types.jar;C:\Program Files\JetBrains\IntelliJ IDEA 2024.2.2\lib\util.jar;C:\Program Files\JetBrains\IntelliJ IDEA 2024.2.2\lib\bouncy-castle.jar
Launcher Type: SUN_STANDARD

[Global flags]
     intx CICompilerCount                          = 4                                         {product} {ergonomic}
     uint ConcGCThreads                            = 3                                         {product} {ergonomic}
     uint G1ConcRefinementThreads                  = 10                                        {product} {ergonomic}
   size_t G1HeapRegionSize                         = 1048576                                   {product} {ergonomic}
    uintx GCDrainStackTargetSize                   = 64                                        {product} {ergonomic}
   size_t InitialHeapSize                          = 134217728                                 {product} {command line}
   size_t MarkStackSize                            = 4194304                                   {product} {ergonomic}
   size_t MaxHeapSize                              = 2147483648                                {product} {command line}
   size_t MinHeapDeltaBytes                        = 1048576                                   {product} {ergonomic}
   size_t MinHeapSize                              = 134217728                                 {product} {command line}
    uintx NonNMethodCodeHeapSize                   = 5839372                                {pd product} {ergonomic}
    uintx NonProfiledCodeHeapSize                  = 122909434                              {pd product} {ergonomic}
    uintx ProfiledCodeHeapSize                     = 122909434                              {pd product} {ergonomic}
    uintx ReservedCodeCacheSize                    = 251658240                              {pd product} {ergonomic}
     bool SegmentedCodeCache                       = true                                      {product} {ergonomic}
   size_t SoftMaxHeapSize                          = 2147483648                             {manageable} {ergonomic}
     bool UseCompressedOops                        = true                           {product lp64_product} {ergonomic}
     bool UseG1GC                                  = true                                      {product} {ergonomic}
     bool UseLargePagesIndividualAllocation        = false                                  {pd product} {ergonomic}

Logging:
Log output configuration:
 #0: stdout all=warning uptime,level,tags foldmultilines=false
 #1: stderr all=off uptime,level,tags foldmultilines=false

Environment Variables:
PATH=C:\Windows\system32;C:\Windows;C:\Windows\System32\Wbem;C:\Windows\System32\WindowsPowerShell\v1.0\;C:\Windows\System32\OpenSSH\;C:\Windows\twain_32\ebscan\;C:\Windows\twain_64\ebscan\;C:\Windows\twain_32\erscan\;C:\Windows\twain_64\erscan\;C:\Program Files\TOSHIBA\TOSHIBA e-STUDIO Client\TOSHIBA e-STUDIO AddressBook Viewer\Shared\;C:\Program Files (x86)\dotnet\;C:\Program Files\Git\cmd;C:\Program Files\nodejs\;C:\Program Files\MySQL\MySQL Shell 8.0\bin\;C:\Users\Asus\AppData\Local\Microsoft\WindowsApps;C:\Users\Asus\AppData\Local\Programs\Microsoft VS Code\bin;C:\Users\Asus\AppData\Roaming\npm
USERNAME=Asus
OS=Windows_NT
PROCESSOR_IDENTIFIER=AMD64 Family 23 Model 104 Stepping 1, AuthenticAMD
TMP=C:\Users\Asus\AppData\Local\Temp
TEMP=C:\Users\Asus\AppData\Local\Temp




Periodic native trim disabled

JNI global refs:
JNI global refs: 0, weak refs: 0

JNI global refs memory usage: 0, weak refs: 0

Process memory usage:
Resident Set Size: 10916K (0% of 7761920K total physical memory with 515208K free physical memory)

OOME stack traces (most recent first):
Classloader memory used:

---------------  S Y S T E M  ---------------

OS:
 Windows 10 , 64 bit Build 19041 (10.0.19041.5915)
OS uptime: 1 days 6:58 hours

CPU: total 12 (initial active 12) (12 cores per cpu, 2 threads per core) family 23 model 104 stepping 1 microcode 0x0, cx8, cmov, fxsr, ht, mmx, 3dnowpref, sse, sse2, sse3, ssse3, sse4a, sse4.1, sse4.2, popcnt, lzcnt, tsc, tscinvbit, avx, avx2, aes, clmul, bmi1, bmi2, adx, sha, fma, vzeroupper, clflush, clflushopt, rdtscp, rdpid, f16c
Processor Information for all 12 processors :
  Max Mhz: 2100, Current Mhz: 2100, Mhz Limit: 2100

Memory: 4k page, system-wide physical 7580M (503M free)
TotalPageFile size 31132M (AvailPageFile size 84M)
current process WorkingSet (physical memory assigned to process): 10M, peak: 10M
current process commit charge ("private bytes"): 64M, peak: 192M

vm_info: OpenJDK 64-Bit Server VM (21.0.3+13-b509.15) for windows-amd64 JRE (21.0.3+13-b509.15), built on 2024-09-04 by "builduser" with MS VC++ 16.10 / 16.11 (VS2019)

END.
